06-19 16:22:07.924 31541 31668 I TestRunner: started: grid_list_content_at_first_position(com.example.dogglers.GridListTests)
06-19 16:22:07.968 31541 31668 W Settings: Setting always_finish_activities has moved from android.provider.Settings.System to android.provider.Settings.Global, returning read-only value.
06-19 16:22:08.294 31541 31541 W ActivityThread: handleWindowVisibility: no activity for token android.os.BinderProxy@1036a95
06-19 16:22:08.359 31541 31541 W xample.dogglers: type=1400 audit(0.0:107869): avc: denied { search } for name="bbkcore" dev="mmcblk0p45" ino=581633 scontext=u:r:untrusted_app:s0:c22,c258,c512,c768 tcontext=u:object_r:vivo_data_file:s0 tclass=dir permissive=0
06-19 16:22:08.401 31541 31541 D LifecycleMonitor: Lifecycle status change: androidx.test.core.app.InstrumentationActivityInvoker$BootstrapActivity@b74ef38 in: PRE_ON_CREATE
06-19 16:22:08.403 31541 31541 V ActivityScenario: Activity lifecycle changed event received but ignored because the intent does not match. startActivityIntent=Intent { act=android.intent.action.MAIN cat=[android.intent.category.LAUNCHER] cmp=com.example.dogglers/.GridListActivity }, activity.getIntent()=Intent { act=android.intent.action.MAIN cat=[android.intent.category.LAUNCHER] flg=0x10008000 cmp=com.example.dogglers/androidx.test.core.app.InstrumentationActivityInvoker$BootstrapActivity (has extras) }, activity=androidx.test.core.app.InstrumentationActivityInvoker$BootstrapActivity@b74ef38
06-19 16:22:08.528 31541 31541 D LifecycleMonitor: Lifecycle status change: androidx.test.core.app.InstrumentationActivityInvoker$BootstrapActivity@b74ef38 in: CREATED
06-19 16:22:08.529 31541 31541 V ActivityScenario: Activity lifecycle changed event received but ignored because the intent does not match. startActivityIntent=Intent { act=android.intent.action.MAIN cat=[android.intent.category.LAUNCHER] cmp=com.example.dogglers/.GridListActivity }, activity.getIntent()=Intent { act=android.intent.action.MAIN cat=[android.intent.category.LAUNCHER] flg=0x10008000 cmp=com.example.dogglers/androidx.test.core.app.InstrumentationActivityInvoker$BootstrapActivity (has extras) }, activity=androidx.test.core.app.InstrumentationActivityInvoker$BootstrapActivity@b74ef38
06-19 16:22:08.536 31541 31541 D LifecycleMonitor: Lifecycle status change: androidx.test.core.app.InstrumentationActivityInvoker$BootstrapActivity@b74ef38 in: STARTED
06-19 16:22:08.537 31541 31541 V ActivityScenario: Activity lifecycle changed event received but ignored because the intent does not match. startActivityIntent=Intent { act=android.intent.action.MAIN cat=[android.intent.category.LAUNCHER] cmp=com.example.dogglers/.GridListActivity }, activity.getIntent()=Intent { act=android.intent.action.MAIN cat=[android.intent.category.LAUNCHER] flg=0x10008000 cmp=com.example.dogglers/androidx.test.core.app.InstrumentationActivityInvoker$BootstrapActivity (has extras) }, activity=androidx.test.core.app.InstrumentationActivityInvoker$BootstrapActivity@b74ef38
06-19 16:22:08.580 31541 31541 D LifecycleMonitor: Lifecycle status change: androidx.test.core.app.InstrumentationActivityInvoker$BootstrapActivity@b74ef38 in: RESUMED
06-19 16:22:08.581 31541 31541 V ActivityScenario: Activity lifecycle changed event received but ignored because the intent does not match. startActivityIntent=Intent { act=android.intent.action.MAIN cat=[android.intent.category.LAUNCHER] cmp=com.example.dogglers/.GridListActivity }, activity.getIntent()=Intent { act=android.intent.action.MAIN cat=[android.intent.category.LAUNCHER] flg=0x10008000 cmp=com.example.dogglers/androidx.test.core.app.InstrumentationActivityInvoker$BootstrapActivity (has extras) }, activity=androidx.test.core.app.InstrumentationActivityInvoker$BootstrapActivity@b74ef38
06-19 16:22:08.610 31541 31541 D LifecycleMonitor: Lifecycle status change: androidx.test.core.app.InstrumentationActivityInvoker$BootstrapActivity@b74ef38 in: PAUSED
06-19 16:22:08.611 31541 31541 V ActivityScenario: Activity lifecycle changed event received but ignored because the intent does not match. startActivityIntent=Intent { act=android.intent.action.MAIN cat=[android.intent.category.LAUNCHER] cmp=com.example.dogglers/.GridListActivity }, activity.getIntent()=Intent { act=android.intent.action.MAIN cat=[android.intent.category.LAUNCHER] flg=0x10008000 cmp=com.example.dogglers/androidx.test.core.app.InstrumentationActivityInvoker$BootstrapActivity (has extras) }, activity=androidx.test.core.app.InstrumentationActivityInvoker$BootstrapActivity@b74ef38
06-19 16:22:08.659 31541 31541 W ActivityThread: handleWindowVisibility: no activity for token android.os.BinderProxy@9952305
06-19 16:22:08.661  3972  4720 D Surface : Surface::disconnect(this=0x776e2fd000,api=1)
06-19 16:22:08.804 31541 31541 D LifecycleMonitor: Lifecycle status change: com.example.dogglers.GridListActivity@5325726 in: PRE_ON_CREATE
06-19 16:22:08.806 31541 31541 V ActivityScenario: Activity lifecycle changed event received but ignored because the reported transition was not ON_CREATE while the last known transition was PRE_ON_CREATE
06-19 16:22:09.090 31541 31541 W xample.doggler: Accessing hidden method Landroid/view/View;->computeFitSystemWindows(Landroid/graphics/Rect;Landroid/graphics/Rect;)Z (greylist, reflection, allowed)
06-19 16:22:09.092 31541 31541 W xample.doggler: Accessing hidden method Landroid/view/ViewGroup;->makeOptionalFitsSystemWindows()V (greylist, reflection, allowed)
06-19 16:22:09.130 31541 31541 D LifecycleMonitor: Lifecycle status change: com.example.dogglers.GridListActivity@5325726 in: CREATED
06-19 16:22:09.132 31541 31541 V ActivityScenario: Update currentActivityStage to CREATED, currentActivity=com.example.dogglers.GridListActivity@5325726
06-19 16:22:09.139 31541 31541 D LifecycleMonitor: Lifecycle status change: com.example.dogglers.GridListActivity@5325726 in: STARTED
06-19 16:22:09.140 31541 31541 V ActivityScenario: Update currentActivityStage to STARTED, currentActivity=com.example.dogglers.GridListActivity@5325726
06-19 16:22:09.143 31541 31541 D LifecycleMonitor: Lifecycle status change: com.example.dogglers.GridListActivity@5325726 in: RESUMED
06-19 16:22:09.144 31541 31541 V ActivityScenario: Update currentActivityStage to RESUMED, currentActivity=com.example.dogglers.GridListActivity@5325726
06-19 16:22:09.201 31541 31668 D EventInjectionStrategy: Creating injection strategy with input manager.
06-19 16:22:09.201 31541 31668 W xample.doggler: Accessing hidden method Landroid/hardware/input/InputManager;->getInstance()Landroid/hardware/input/InputManager; (greylist, reflection, allowed)
06-19 16:22:09.205 31541 31668 W xample.doggler: Accessing hidden method Landroid/hardware/input/InputManager;->injectInputEvent(Landroid/view/InputEvent;I)Z (greylist, reflection, allowed)
06-19 16:22:09.205 31541 31668 W xample.doggler: Accessing hidden field Landroid/hardware/input/InputManager;->INJECT_INPUT_EVENT_MODE_WAIT_FOR_FINISH:I (greylist, reflection, allowed)
06-19 16:22:09.284 31541 31673 I GPUD    : @gpudInitialize: successfully initialized with GL, dbg=0 mmdump_dbg=0 mmpath_dbg=0
06-19 16:22:09.388 31541 31673 D Surface : Surface::connect(this=0x7768ac8000,api=1)
06-19 16:22:09.390 31541 31673 D Surface : Surface::setBufferCount(this=0x7768ac8000,bufferCount=3)
06-19 16:22:09.391 31541 31673 D Surface : Surface::allocateBuffers(this=0x7768ac8000)
06-19 16:22:09.470 31541 31541 D skia    : SkJpegCodec::onGetPixels +
06-19 16:22:09.480 31541 31541 D skia    : SkJpegCodec::onGetPixels -
06-19 16:22:09.517 31541 31541 D skia    : SkJpegCodec::onGetPixels +
06-19 16:22:09.530 31541 31541 D skia    : SkJpegCodec::onGetPixels -
06-19 16:22:09.612 31541 31541 D skia    : SkJpegCodec::onGetPixels +
06-19 16:22:09.622 31541 31541 D skia    : SkJpegCodec::onGetPixels -
06-19 16:22:09.653 31541 31541 D skia    : SkJpegCodec::onGetPixels +
06-19 16:22:09.657 31541 31541 D skia    : SkJpegCodec::onGetPixels -
06-19 16:22:09.720 31541 31541 D skia    : SkJpegCodec::onGetPixels +
06-19 16:22:09.728 31541 31541 D skia    : SkJpegCodec::onGetPixels -
06-19 16:22:09.759 31541 31541 D skia    : SkJpegCodec::onGetPixels +
06-19 16:22:09.765 31541 31541 D skia    : SkJpegCodec::onGetPixels -
06-19 16:22:09.845 31541 31673 W Gralloc3: mapper 3.x is not supported
06-19 16:22:09.851 31541 31673 E ion     : ioctl c0044901 failed with code -1: Invalid argument
06-19 16:22:10.122 31541 31673 I OpenGLRenderer: Davey! duration=906ms; Flags=1, IntendedVsync=121692070116714, Vsync=121692070116714, OldestInputEvent=9223372036854775807, NewestInputEvent=0, HandleInputStart=121692070239867, AnimationStart=121692070354637, PerformTraversalsStart=121692070362406, DrawStart=121692666472021, SyncQueued=121692709381483, SyncStart=121692726803329, IssueDrawCommandsStart=121692727084560, SwapBuffers=121692992325483, FrameCompleted=121692994171944, DequeueBufferDuration=0, QueueBufferDuration=954000,
06-19 16:22:10.130 31541 31541 D LifecycleMonitor: Lifecycle status change: androidx.test.core.app.InstrumentationActivityInvoker$BootstrapActivity@b74ef38 in: STOPPED
06-19 16:22:10.131 31541 31541 V ActivityScenario: Activity lifecycle changed event received but ignored because the intent does not match. startActivityIntent=Intent { act=android.intent.action.MAIN cat=[android.intent.category.LAUNCHER] cmp=com.example.dogglers/.GridListActivity }, activity.getIntent()=Intent { act=android.intent.action.MAIN cat=[android.intent.category.LAUNCHER] flg=0x10008000 cmp=com.example.dogglers/androidx.test.core.app.InstrumentationActivityInvoker$BootstrapActivity (has extras) }, activity=androidx.test.core.app.InstrumentationActivityInvoker$BootstrapActivity@b74ef38
06-19 16:22:10.144  1472  1529 I ActivityTaskManager: Displayed com.example.dogglers/.GridListActivity: +2s130ms
06-19 16:22:10.301 31541 31541 W xample.doggler: Accessing hidden method Landroid/os/MessageQueue;->next()Landroid/os/Message; (greylist, reflection, allowed)
06-19 16:22:10.301 31541 31541 W xample.doggler: Accessing hidden field Landroid/os/MessageQueue;->mMessages:Landroid/os/Message; (greylist, reflection, allowed)
06-19 16:22:10.304 31541 31541 W xample.doggler: Accessing hidden method Landroid/os/Message;->recycleUnchecked()V (greylist, reflection, allowed)
06-19 16:22:10.308 31541 31668 W xample.doggler: Accessing hidden method Lsun/misc/Unsafe;->getUnsafe()Lsun/misc/Unsafe; (greylist,core-platform-api, linking, allowed)
06-19 16:22:10.308 31541 31668 W xample.doggler: Accessing hidden method Lsun/misc/Unsafe;->objectFieldOffset(Ljava/lang/reflect/Field;)J (greylist,core-platform-api, linking, allowed)
06-19 16:22:10.309 31541 31668 W xample.doggler: Accessing hidden method Lsun/misc/Unsafe;->putObject(Ljava/lang/Object;JLjava/lang/Object;)V (greylist, linking, allowed)
06-19 16:22:10.315 31541 31541 W xample.doggler: Accessing hidden method Landroid/view/WindowManagerGlobal;->getInstance()Landroid/view/WindowManagerGlobal; (greylist, reflection, allowed)
06-19 16:22:10.315 31541 31668 W xample.doggler: Accessing hidden method Lsun/misc/Unsafe;->compareAndSwapObject(Ljava/lang/Object;JLjava/lang/Object;Ljava/lang/Object;)Z (greylist, linking, allowed)
06-19 16:22:10.316 31541 31541 W xample.doggler: Accessing hidden field Landroid/view/WindowManagerGlobal;->mViews:Ljava/util/ArrayList; (greylist, reflection, allowed)
06-19 16:22:10.316 31541 31668 W xample.doggler: Accessing hidden method Lsun/misc/Unsafe;->getObject(Ljava/lang/Object;J)Ljava/lang/Object; (greylist, linking, allowed)
06-19 16:22:10.316 31541 31541 W xample.doggler: Accessing hidden field Landroid/view/WindowManagerGlobal;->mParams:Ljava/util/ArrayList; (greylist, reflection, allowed)
06-19 16:22:10.331 31541 31541 I ViewInteraction: Checking 'MatchesViewAssertion{viewMatcher=(view has effective visibility <VISIBLE> and view.getGlobalVisibleRect() to return non-empty rectangle)}' assertion on view an instance of android.widget.TextView and view.getText() with or without transformation to match: is "Tzeitel"
06-19 16:22:10.440 31541 31541 I ViewInteraction: Checking 'MatchesViewAssertion{viewMatcher=(view has effective visibility <VISIBLE> and view.getGlobalVisibleRect() to return non-empty rectangle)}' assertion on view an instance of android.widget.TextView and view.getText() with or without transformation to match: is "7"
06-19 16:22:10.441 31541 31541 E ViewAssertions: '(view has effective visibility <VISIBLE> and view.getGlobalVisibleRect() to return non-empty rectangle)' check could not be performed because view 'an instance of android.widget.TextView and view.getText() with or without transformation to match: is "7"' was not found.
06-19 16:22:10.560 31541 31541 D LifecycleMonitor: Lifecycle status change: com.example.dogglers.GridListActivity@5325726 in: PAUSED
06-19 16:22:10.560 31541 31541 V ActivityScenario: Update currentActivityStage to PAUSED, currentActivity=com.example.dogglers.GridListActivity@5325726
06-19 16:22:10.588 31541 31541 W ActivityThread: handleWindowVisibility: no activity for token android.os.BinderProxy@cb14a44
06-19 16:22:10.593  3972  3996 I .globallaunche: Background concurrent copying GC freed 27119(1522KB) AllocSpace objects, 8(288KB) LOS objects, 16% free, 10MB/12MB, paused 138us total 202.560ms
06-19 16:22:10.605 31541 31541 D LifecycleMonitor: Lifecycle status change: androidx.test.core.app.InstrumentationActivityInvoker$EmptyActivity@6487462 in: PRE_ON_CREATE
06-19 16:22:10.606 31541 31541 V ActivityScenario: Activity lifecycle changed event received but ignored because the intent does not match. startActivityIntent=Intent { act=android.intent.action.MAIN cat=[android.intent.category.LAUNCHER] cmp=com.example.dogglers/.GridListActivity }, activity.getIntent()=Intent { act=android.intent.action.MAIN cat=[android.intent.category.LAUNCHER] flg=0x10000000 cmp=com.example.dogglers/androidx.test.core.app.InstrumentationActivityInvoker$EmptyActivity }, activity=androidx.test.core.app.InstrumentationActivityInvoker$EmptyActivity@6487462
06-19 16:22:10.617 31541 31541 I chatty  : uid=10534(com.example.dogglers) identical 2 lines
06-19 16:22:10.633 31541 31541 D LifecycleMonitor: Lifecycle status change: androidx.test.core.app.InstrumentationActivityInvoker$EmptyActivity@6487462 in: CREATED
06-19 16:22:10.633 31541 31541 V ActivityScenario: Activity lifecycle changed event received but ignored because the intent does not match. startActivityIntent=Intent { act=android.intent.action.MAIN cat=[android.intent.category.LAUNCHER] cmp=com.example.dogglers/.GridListActivity }, activity.getIntent()=Intent { act=android.intent.action.MAIN cat=[android.intent.category.LAUNCHER] flg=0x10000000 cmp=com.example.dogglers/androidx.test.core.app.InstrumentationActivityInvoker$EmptyActivity }, activity=androidx.test.core.app.InstrumentationActivityInvoker$EmptyActivity@6487462
06-19 16:22:10.639 31541 31541 D LifecycleMonitor: Lifecycle status change: androidx.test.core.app.InstrumentationActivityInvoker$EmptyActivity@6487462 in: STARTED
06-19 16:22:10.639 31541 31541 V ActivityScenario: Activity lifecycle changed event received but ignored because the intent does not match. startActivityIntent=Intent { act=android.intent.action.MAIN cat=[android.intent.category.LAUNCHER] cmp=com.example.dogglers/.GridListActivity }, activity.getIntent()=Intent { act=android.intent.action.MAIN cat=[android.intent.category.LAUNCHER] flg=0x10000000 cmp=com.example.dogglers/androidx.test.core.app.InstrumentationActivityInvoker$EmptyActivity }, activity=androidx.test.core.app.InstrumentationActivityInvoker$EmptyActivity@6487462
06-19 16:22:10.645 31541 31541 D LifecycleMonitor: Lifecycle status change: androidx.test.core.app.InstrumentationActivityInvoker$EmptyActivity@6487462 in: RESUMED
06-19 16:22:10.646 31541 31541 V ActivityScenario: Activity lifecycle changed event received but ignored because the intent does not match. startActivityIntent=Intent { act=android.intent.action.MAIN cat=[android.intent.category.LAUNCHER] cmp=com.example.dogglers/.GridListActivity }, activity.getIntent()=Intent { act=android.intent.action.MAIN cat=[android.intent.category.LAUNCHER] flg=0x10000000 cmp=com.example.dogglers/androidx.test.core.app.InstrumentationActivityInvoker$EmptyActivity }, activity=androidx.test.core.app.InstrumentationActivityInvoker$EmptyActivity@6487462
06-19 16:22:10.696 31541 31673 D Surface : Surface::connect(this=0x770d57c000,api=1)
06-19 16:22:10.698 31541 31673 D Surface : Surface::setBufferCount(this=0x770d57c000,bufferCount=3)
06-19 16:22:10.698 31541 31673 D Surface : Surface::allocateBuffers(this=0x770d57c000)
06-19 16:22:10.769  1472  1529 I ActivityTaskManager: Displayed com.example.dogglers/androidx.test.core.app.InstrumentationActivityInvoker$EmptyActivity: +247ms
06-19 16:22:10.818 31541 31673 D Surface : Surface::disconnect(this=0x7768ac8000,api=1)
06-19 16:22:10.866 31541 31541 D LifecycleMonitor: Lifecycle status change: androidx.test.core.app.InstrumentationActivityInvoker$EmptyActivity@6487462 in: PAUSED
06-19 16:22:10.867 31541 31541 V ActivityScenario: Activity lifecycle changed event received but ignored because the intent does not match. startActivityIntent=Intent { act=android.intent.action.MAIN cat=[android.intent.category.LAUNCHER] cmp=com.example.dogglers/.GridListActivity }, activity.getIntent()=Intent { act=android.intent.action.MAIN cat=[android.intent.category.LAUNCHER] flg=0x10000000 cmp=com.example.dogglers/androidx.test.core.app.InstrumentationActivityInvoker$EmptyActivity }, activity=androidx.test.core.app.InstrumentationActivityInvoker$EmptyActivity@6487462
06-19 16:22:10.901 31541 31541 D LifecycleMonitor: Lifecycle status change: androidx.test.core.app.InstrumentationActivityInvoker$BootstrapActivity@b74ef38 in: DESTROYED
06-19 16:22:10.902 31541 31541 V ActivityScenario: Activity lifecycle changed event received but ignored because the intent does not match. startActivityIntent=Intent { act=android.intent.action.MAIN cat=[android.intent.category.LAUNCHER] cmp=com.example.dogglers/.GridListActivity }, activity.getIntent()=Intent { act=android.intent.action.MAIN cat=[android.intent.category.LAUNCHER] flg=0x10008000 cmp=com.example.dogglers/androidx.test.core.app.InstrumentationActivityInvoker$BootstrapActivity (has extras) }, activity=androidx.test.core.app.InstrumentationActivityInvoker$BootstrapActivity@b74ef38
06-19 16:22:10.905 31541 31541 W ActivityThread: handleWindowVisibility: no activity for token android.os.BinderProxy@54be24f
06-19 16:22:10.919 31541 31541 D LifecycleMonitor: Lifecycle status change: androidx.test.core.app.InstrumentationActivityInvoker$EmptyActivity@85d9ddc in: PRE_ON_CREATE
06-19 16:22:10.920 31541 31541 V ActivityScenario: Activity lifecycle changed event received but ignored because the intent does not match. startActivityIntent=Intent { act=android.intent.action.MAIN cat=[android.intent.category.LAUNCHER] cmp=com.example.dogglers/.GridListActivity }, activity.getIntent()=Intent { act=android.intent.action.MAIN cat=[android.intent.category.LAUNCHER] flg=0x10000000 cmp=com.example.dogglers/androidx.test.core.app.InstrumentationActivityInvoker$EmptyActivity }, activity=androidx.test.core.app.InstrumentationActivityInvoker$EmptyActivity@85d9ddc
06-19 16:22:10.947 31541 31541 D LifecycleMonitor: Lifecycle status change: androidx.test.core.app.InstrumentationActivityInvoker$EmptyActivity@85d9ddc in: CREATED
06-19 16:22:10.948 31541 31541 V ActivityScenario: Activity lifecycle changed event received but ignored because the intent does not match. startActivityIntent=Intent { act=android.intent.action.MAIN cat=[android.intent.category.LAUNCHER] cmp=com.example.dogglers/.GridListActivity }, activity.getIntent()=Intent { act=android.intent.action.MAIN cat=[android.intent.category.LAUNCHER] flg=0x10000000 cmp=com.example.dogglers/androidx.test.core.app.InstrumentationActivityInvoker$EmptyActivity }, activity=androidx.test.core.app.InstrumentationActivityInvoker$EmptyActivity@85d9ddc
06-19 16:22:10.953 31541 31541 D LifecycleMonitor: Lifecycle status change: androidx.test.core.app.InstrumentationActivityInvoker$EmptyActivity@85d9ddc in: STARTED
06-19 16:22:10.954 31541 31541 V ActivityScenario: Activity lifecycle changed event received but ignored because the intent does not match. startActivityIntent=Intent { act=android.intent.action.MAIN cat=[android.intent.category.LAUNCHER] cmp=com.example.dogglers/.GridListActivity }, activity.getIntent()=Intent { act=android.intent.action.MAIN cat=[android.intent.category.LAUNCHER] flg=0x10000000 cmp=com.example.dogglers/androidx.test.core.app.InstrumentationActivityInvoker$EmptyActivity }, activity=androidx.test.core.app.InstrumentationActivityInvoker$EmptyActivity@85d9ddc
06-19 16:22:10.957 31541 31541 D LifecycleMonitor: Lifecycle status change: androidx.test.core.app.InstrumentationActivityInvoker$EmptyActivity@85d9ddc in: RESUMED
06-19 16:22:10.958 31541 31541 V ActivityScenario: Activity lifecycle changed event received but ignored because the intent does not match. startActivityIntent=Intent { act=android.intent.action.MAIN cat=[android.intent.category.LAUNCHER] cmp=com.example.dogglers/.GridListActivity }, activity.getIntent()=Intent { act=android.intent.action.MAIN cat=[android.intent.category.LAUNCHER] flg=0x10000000 cmp=com.example.dogglers/androidx.test.core.app.InstrumentationActivityInvoker$EmptyActivity }, activity=androidx.test.core.app.InstrumentationActivityInvoker$EmptyActivity@85d9ddc
06-19 16:22:11.009 31541 31673 D Surface : Surface::connect(this=0x770d3d3000,api=1)
06-19 16:22:11.011 31541 31673 D Surface : Surface::setBufferCount(this=0x770d3d3000,bufferCount=3)
06-19 16:22:11.012 31541 31673 D Surface : Surface::allocateBuffers(this=0x770d3d3000)
06-19 16:22:11.032 31541 31541 D LifecycleMonitor: Lifecycle status change: com.example.dogglers.GridListActivity@5325726 in: STOPPED
06-19 16:22:11.033 31541 31541 V ActivityScenario: Update currentActivityStage to STOPPED, currentActivity=com.example.dogglers.GridListActivity@5325726
06-19 16:22:11.036 31541 31541 D LifecycleMonitor: Lifecycle status change: com.example.dogglers.GridListActivity@5325726 in: DESTROYED
06-19 16:22:11.037 31541 31541 V ActivityScenario: Update currentActivityStage to DESTROYED, currentActivity=null
06-19 16:22:11.044  1472  1529 I ActivityTaskManager: Displayed com.example.dogglers/androidx.test.core.app.InstrumentationActivityInvoker$EmptyActivity: +232ms
06-19 16:22:11.091 31541 31673 D Surface : Surface::disconnect(this=0x770d57c000,api=1)
06-19 16:22:11.142 31541 31541 D LifecycleMonitor: Lifecycle status change: androidx.test.core.app.InstrumentationActivityInvoker$EmptyActivity@6487462 in: STOPPED
06-19 16:22:11.143 31541 31541 V ActivityScenario: Activity lifecycle changed event received but ignored because the intent does not match. startActivityIntent=Intent { act=android.intent.action.MAIN cat=[android.intent.category.LAUNCHER] cmp=com.example.dogglers/.GridListActivity }, activity.getIntent()=Intent { act=android.intent.action.MAIN cat=[android.intent.category.LAUNCHER] flg=0x10000000 cmp=com.example.dogglers/androidx.test.core.app.InstrumentationActivityInvoker$EmptyActivity }, activity=androidx.test.core.app.InstrumentationActivityInvoker$EmptyActivity@6487462
06-19 16:22:11.146 31541 31541 D LifecycleMonitor: Lifecycle status change: androidx.test.core.app.InstrumentationActivityInvoker$EmptyActivity@6487462 in: DESTROYED
06-19 16:22:11.147 31541 31541 V ActivityScenario: Activity lifecycle changed event received but ignored because the intent does not match. startActivityIntent=Intent { act=android.intent.action.MAIN cat=[android.intent.category.LAUNCHER] cmp=com.example.dogglers/.GridListActivity }, activity.getIntent()=Intent { act=android.intent.action.MAIN cat=[android.intent.category.LAUNCHER] flg=0x10000000 cmp=com.example.dogglers/androidx.test.core.app.InstrumentationActivityInvoker$EmptyActivity }, activity=androidx.test.core.app.InstrumentationActivityInvoker$EmptyActivity@6487462
06-19 16:22:11.165 31541 31541 D LifecycleMonitor: Lifecycle status change: androidx.test.core.app.InstrumentationActivityInvoker$EmptyActivity@85d9ddc in: PAUSED
06-19 16:22:11.165 31541 31541 V ActivityScenario: Activity lifecycle changed event received but ignored because the intent does not match. startActivityIntent=Intent { act=android.intent.action.MAIN cat=[android.intent.category.LAUNCHER] cmp=com.example.dogglers/.GridListActivity }, activity.getIntent()=Intent { act=android.intent.action.MAIN cat=[android.intent.category.LAUNCHER] flg=0x10000000 cmp=com.example.dogglers/androidx.test.core.app.InstrumentationActivityInvoker$EmptyActivity }, activity=androidx.test.core.app.InstrumentationActivityInvoker$EmptyActivity@85d9ddc
06-19 16:22:11.199 31541 31668 E TestRunner: failed: grid_list_content_at_first_position(com.example.dogglers.GridListTests)
06-19 16:22:11.200 31541 31668 E TestRunner: ----- begin exception -----
06-19 16:22:11.202 31541 31668 E TestRunner: androidx.test.espresso.NoMatchingViewException: No views in hierarchy found matching: an instance of android.widget.TextView and view.getText() with or without transformation to match: is "7"
06-19 16:22:11.202 31541 31668 E TestRunner:
06-19 16:22:11.202 31541 31668 E TestRunner: View Hierarchy:
06-19 16:22:11.202 31541 31668 E TestRunner: +>DecorView{id=-1, visibility=VISIBLE, width=720, height=1520, has-focus=false, has-focusable=true, has-window-focus=true, is-clickable=false, is-enabled=true, is-focused=false, is-focusable=false, is-layout-requested=false, is-selected=false, layout-params={(0,0)(fillxfill) ty=BASE_APPLICATION wanim=0x10302fe
06-19 16:22:11.202 31541 31668 E TestRunner:   fl=LAYOUT_IN_SCREEN LAYOUT_INSET_DECOR SPLIT_TOUCH HARDWARE_ACCELERATED DRAWS_SYSTEM_BAR_BACKGROUNDS
06-19 16:22:11.202 31541 31668 E TestRunner:   pfl=FORCE_DRAW_STATUS_BAR_BACKGROUND homeIndicatorState=-1 keepFullScreen=0 internalFlag=0x0 preferedDisplay=0}, tag=null, root-is-layout-requested=false, has-input-connection=false, x=0.0, y=0.0, child-count=3}
06-19 16:22:11.202 31541 31668 E TestRunner: |
06-19 16:22:11.202 31541 31668 E TestRunner: +->LinearLayout{id=-1, visibility=VISIBLE, width=720, height=1436, has-focus=false, has-focusable=true, has-window-focus=true, is-clickable=false, is-enabled=true, is-focused=false, is-focusable=false, is-layout-requested=false, is-selected=false, layout-params=android.widget.FrameLayout$LayoutParams@c278af4, tag=null, root-is-layout-requested=false, has-input-connection=false, x=0.0, y=0.0, child-count=2}
06-19 16:22:11.202 31541 31668 E TestRunner: |
06-19 16:22:11.202 31541 31668 E TestRunner: +-->ViewStub{id=16908692, res-name=action_mode_bar_stub, visibility=GONE, width=0, height=0, has-focus=false, has-focusable=false, has-window-focus=true, is-clickable=false, is-enabled=true, is-focused=false, is-focusable=false, is-layout-requested=true, is-selected=false, layout-params=android.widget.LinearLayout$LayoutParams@5e4b21d, tag=null, root-is-layout-requested=false, has-input-connection=false, x=0.0, y=0.0}
06-19 16:22:11.202 31541 31668 E TestRunner: |
06-19 16:22:11.202 31541 31668 E TestRunner: +-->FrameLayout{id=-1, visibility=VISIBLE, width=720, height=1378, has-focus=false, has-focusable=true, has-window-focus=true, is-clickable=false, is-enabled=true, is-focused=false, is-focusable=false, is-layout-requested=false, is-selected=false, layout-params=android.widget.LinearLayout$LayoutParams@2289663, tag=null, root-is-layout-requested=false, has-input-connection=false, x=0.0, y=58.0, child-count=1}
06-19 16:22:11.202 31541 31668 E TestRunner: |
06-19 16:22:11.202 31541 31668 E TestRunner: +--->ActionBarOverlayLayout{id=2131230866, res-name=decor_content_parent, visibility=VISIBLE, width=720, height=1378, has-focus=false, has-focusable=true, has-window-focus=true, is-clickable=false, is-enabled=true, is-focused=false, is-focusable=false, is-layout-requested=false, is-selected=false, layout-params=android.widget.FrameLayout$LayoutParams@a7e2fde, tag=null, root-is-layout-requested=false, has-input-connection=false, x=0.0, y=0.0, child-count=2}
06-19 16:22:11.202 31541 31668 E TestRunner: |
06-19 16:22:11.202 31541 31668 E TestRunner: +---->ContentFrameLayout{id=16908290, res-name=content, visibility=VISIBLE, width=720, height=1266, has-focus=false, has-focusable=true, has-window-focus=true, is-clickable=false, is-enabled=true, is-focused=false, is-focusable=false, is-layout-requested=false, is-selected=false, layout-params=androidx.appcompat.widget.ActionBarOverlayLayout$LayoutParams@e5448c, tag=null, root-is-layout-requested=false, has-input-connection=false, x=0.0, y=112.0, child-count=1}
06-19 16:22:11.202 31541 31668 E TestRunner: |
06-19 16:22:11.202 31541 31668 E TestRunner: +----->FrameLayout{id=-1, visibility=VISIBLE, width=720, height=1266, has-focus=false, has-focusable=true, has-window-focus=true, is-clickable=false, is-enabled=true, is-focused=false, is-focusable=false, is-layout-requested=false, is-selected=false, layout-params=android.widget.FrameLayout$LayoutParams@5b96bea, tag=null, root-is-layout-requested=false, has-input-connection=false, x=0.0, y=0.0, child-count=1}
06-19 16:22:11.202 31541 31668 E TestRunner: |
06-19 16:22:11.202 31541 31668 E TestRunner: +------>RecyclerView{id=2131230937, res-name=grid_recycler_view, visibility=VISIBLE, width=720, height=1266, has-focus=false, has-focusable=true, has-window-focus=true, is-clickable=false, is-enabled=true, is-focused=false, is-focusable=true, is-layout-requested=false, is-selected=false, layout-params=android.widget.FrameLayout$LayoutParams@ebb5c8d, tag=null, root-is-layout-requested=false, has-input-connection=false, x=0.0, y=0.0, child-count=6}
06-19 16:22:11.202 31541 31668 E TestRunner: |
06-19 16:22:11.202 31541 31668 E TestRunner: +------->MaterialCardView{id=-1, visibility=VISIBLE, width=328, height=599, has-focus=false, has-focusable=false, has-window-focus=true, is-clickable=false, i
06-19 16:22:11.202 31541 31668 E TestRunner: ----- end exception -----
06-19 16:22:11.211 31541 31668 I TestRunner: finished: grid_list_content_at_first_position(com.example.dogglers.GridListTests)
